{
  "filters_used": [
    {
      "path": "detect_secrets.filters.allowlist.is_line_allowlisted"
    },
    {
      "filename": ".secrets.baseline",
      "path": "detect_secrets.filters.common.is_baseline_file"
    },
    {
      "min_level": 2,
      "path": "detect_secrets.filters.common.is_ignored_due_to_verification_policies"
    },
    {
      "path": "detect_secrets.filters.heuristic.is_indirect_reference"
    },
    {
      "path": "detect_secrets.filters.heuristic.is_likely_id_string"
    },
    {
      "path": "detect_secrets.filters.heuristic.is_lock_file"
    },
    {
      "path": "detect_secrets.filters.heuristic.is_not_alphanumeric_string"
    },
    {
      "path": "detect_secrets.filters.heuristic.is_potential_uuid"
    },
    {
      "path": "detect_secrets.filters.heuristic.is_prefixed_with_dollar_sign"
    },
    {
      "path": "detect_secrets.filters.heuristic.is_sequential_string"
    },
    {
      "path": "detect_secrets.filters.heuristic.is_swagger_file"
    },
    {
      "path": "detect_secrets.filters.heuristic.is_templated_secret"
    },
    {
      "path": "detect_secrets.filters.regex.should_exclude_file",
      "pattern": [
        ".secrets.baseline",
        ".*\\.sops\\.(env|ya?ml|json)$"
      ]
    }
  ],
  "generated_at": "2026-08-25T09:41:33Z",
  "plugins_used": [
    {
      "name": "ArtifactoryDetector"
    },
    {
      "name": "AWSKeyDetector"
    },
    {
      "name": "AzureStorageKeyDetector"
    },
    {
      "limit": 4.5,
      "name": "Base64HighEntropyString"
    },
    {
      "name": "BasicAuthDetector"
    },
    {
      "name": "CloudantDetector"
    },
    {
      "name": "DiscordBotTokenDetector"
    },
    {
      "name": "GitHubTokenDetector"
    },
    {
      "name": "GitLabTokenDetector"
    },
    {
      "limit": 3.0,
      "name": "HexHighEntropyString"
    },
    {
      "name": "IbmCloudIamDetector"
    },
    {
      "name": "IbmCosHmacDetector"
    },
    {
      "name": "IPPublicDetector"
    },
    {
      "name": "JwtTokenDetector"
    },
    {
      "keyword_exclude": "",
      "name": "KeywordDetector"
    },
    {
      "name": "MailchimpDetector"
    },
    {
      "name": "NpmDetector"
    },
    {
      "name": "OpenAIDetector"
    },
    {
      "name": "PrivateKeyDetector"
    },
    {
      "name": "PypiTokenDetector"
    },
    {
      "name": "SendGridDetector"
    },
    {
      "name": "SlackDetector"
    },
    {
      "name": "SoftlayerDetector"
    },
    {
      "name": "SquareOAuthDetector"
    },
    {
      "name": "StripeDetector"
    },
    {
      "name": "TelegramBotTokenDetector"
    },
    {
      "name": "TwilioKeyDetector"
    }
  ],
  "results": {
    ".github/workflows/reseal-akash-key.yml": [
      {
        "type": "Base64 High Entropy String",
        "filename": ".github/workflows/reseal-akash-key.yml",
        "hashed_secret": "f39a4f17389db002e70d48da6147f57f47015189",
        "is_verified": false,
        "line_number": 102
      }
    ],
    ".planning/phases/06-transport-abstraction-foundation/06-01-PLAN.md": [
      {
        "type": "Secret Keyword",
        "filename": ".planning/phases/06-transport-abstraction-foundation/06-01-PLAN.md",
        "hashed_secret": "9762e53f3b6420f10041406e88c337725670824b",
        "is_verified": false,
        "line_number": 443
      },
      {
        "type": "Secret Keyword",
        "filename": ".planning/phases/06-transport-abstraction-foundation/06-01-PLAN.md",
        "hashed_secret": "a62f2225bf70bfaccbc7f1ef2a397836717377de",
        "is_verified": false,
        "line_number": 563
      }
    ],
    ".planning/phases/08-secrets-injection-via-lease-shell/08-01-PLAN.md": [
      {
        "type": "Secret Keyword",
        "filename": ".planning/phases/08-secrets-injection-via-lease-shell/08-01-PLAN.md",
        "hashed_secret": "3acfb2c2b433c0ea7ff107e33df91b18e52f960f",
        "is_verified": false,
        "line_number": 177
      },
      {
        "type": "Secret Keyword",
        "filename": ".planning/phases/08-secrets-injection-via-lease-shell/08-01-PLAN.md",
        "hashed_secret": "f02a3f47a27abafe5f832bd6e7287a682cffd52b",
        "is_verified": false,
        "line_number": 285
      }
    ],
    ".planning/phases/08-secrets-injection-via-lease-shell/08-RESEARCH.md": [
      {
        "type": "Secret Keyword",
        "filename": ".planning/phases/08-secrets-injection-via-lease-shell/08-RESEARCH.md",
        "hashed_secret": "a62f2225bf70bfaccbc7f1ef2a397836717377de",
        "is_verified": false,
        "line_number": 411
      }
    ],
    ".planning/phases/09-interactive-shell/09-RESEARCH.md": [
      {
        "type": "Secret Keyword",
        "filename": ".planning/phases/09-interactive-shell/09-RESEARCH.md",
        "hashed_secret": "a62f2225bf70bfaccbc7f1ef2a397836717377de",
        "is_verified": false,
        "line_number": 650
      }
    ],
    ".planning/phases/10-default-transport-switch-and-fallback/10-01-PLAN.md": [
      {
        "type": "Secret Keyword",
        "filename": ".planning/phases/10-default-transport-switch-and-fallback/10-01-PLAN.md",
        "hashed_secret": "3acfb2c2b433c0ea7ff107e33df91b18e52f960f",
        "is_verified": false,
        "line_number": 84
      }
    ],
    ".planning/phases/10-default-transport-switch-and-fallback/CLEANUP-REPORT.md": [
      {
        "type": "Secret Keyword",
        "filename": ".planning/phases/10-default-transport-switch-and-fallback/CLEANUP-REPORT.md",
        "hashed_secret": "3acfb2c2b433c0ea7ff107e33df91b18e52f960f",
        "is_verified": false,
        "line_number": 147
      }
    ],
    ".planning/phases/11-test-coverage/11-RESEARCH.md": [
      {
        "type": "Secret Keyword",
        "filename": ".planning/phases/11-test-coverage/11-RESEARCH.md",
        "hashed_secret": "a62f2225bf70bfaccbc7f1ef2a397836717377de",
        "is_verified": false,
        "line_number": 353
      }
    ],
    "just_akash/chain.py": [
      {
        "type": "Hex High Entropy String",
        "filename": "just_akash/chain.py",
        "hashed_secret": "b5c0dd30c4c3bdfe167dac902188043135ce0499",
        "is_verified": false,
        "line_number": 125
      }
    ],
    "tests/test_bound_owner_chain_consensus.py": [
      {
        "type": "Hex High Entropy String",
        "filename": "tests/test_bound_owner_chain_consensus.py",
        "hashed_secret": "2cdf2751a937fff46f4af8d32856dbc6096a0746",
        "is_verified": false,
        "line_number": 219
      }
    ],
    "tests/test_runner_candidates.py": [
      {
        "type": "Base64 High Entropy String",
        "filename": "tests/test_runner_candidates.py",
        "hashed_secret": "dc03b281bb326864eb3503681e736f93dd73a84a",
        "is_verified": false,
        "line_number": 30
      }
    ],
    "docs/evidence/finalized-closure-blazing-37014155266.json": [
      {
        "type": "Hex High Entropy String",
        "filename": "docs/evidence/finalized-closure-blazing-37014155266.json",
        "hashed_secret": "e3d9dddd3a6c0acc7374cc505b5407c81979bb6f",
        "is_verified": false,
        "line_number": 9
      },
      {
        "type": "Hex High Entropy String",
        "filename": "docs/evidence/finalized-closure-blazing-37014155266.json",
        "hashed_secret": "988a86527a1963a14e75c8d1571abfc1669df27b",
        "is_verified": false,
        "line_number": 10
      },
      {
        "type": "Hex High Entropy String",
        "filename": "docs/evidence/finalized-closure-blazing-37014155266.json",
        "hashed_secret": "2c9bbaf7f8b99b7150bc710165be5d2ab5d76971",
        "is_verified": false,
        "line_number": 11
      },
      {
        "type": "Hex High Entropy String",
        "filename": "docs/evidence/finalized-closure-blazing-37014155266.json",
        "hashed_secret": "89da859f432761e8b887a16a15ba1f7b0c80d610",
        "is_verified": false,
        "line_number": 36
      },
      {
        "type": "Hex High Entropy String",
        "filename": "docs/evidence/finalized-closure-blazing-37014155266.json",
        "hashed_secret": "b5c0dd30c4c3bdfe167dac902188043135ce0499",
        "is_verified": false,
        "line_number": 38
      },
      {
        "type": "Hex High Entropy String",
        "filename": "docs/evidence/finalized-closure-blazing-37014155266.json",
        "hashed_secret": "8341e10ada9247e6befab8e6808f743399ef07fc",
        "is_verified": false,
        "line_number": 45
      },
      {
        "type": "Hex High Entropy String",
        "filename": "docs/evidence/finalized-closure-blazing-37014155266.json",
        "hashed_secret": "5be3d2e3737f50eea4d581fa2b99d54fa93e4298",
        "is_verified": false,
        "line_number": 48
      },
      {
        "type": "Hex High Entropy String",
        "filename": "docs/evidence/finalized-closure-blazing-37014155266.json",
        "hashed_secret": "cc7d2621d4f493962908b4fdd90cb37ad8339cad",
        "is_verified": false,
        "line_number": 50
      },
      {
        "type": "Hex High Entropy String",
        "filename": "docs/evidence/finalized-closure-blazing-37014155266.json",
        "hashed_secret": "b3ad0d647e2e2994363b5ab04545f099ff017a62",
        "is_verified": false,
        "line_number": 63
      },
      {
        "type": "Hex High Entropy String",
        "filename": "docs/evidence/finalized-closure-blazing-37014155266.json",
        "hashed_secret": "017e9d445cd704357bfc68df927c16c2ef6bdfe3",
        "is_verified": false,
        "line_number": 73
      },
      {
        "type": "Hex High Entropy String",
        "filename": "docs/evidence/finalized-closure-blazing-37014155266.json",
        "hashed_secret": "976dcb1689c2d68cf5e9a88fdc0b9075f1bacdc7",
        "is_verified": false,
        "line_number": 74
      },
      {
        "type": "Hex High Entropy String",
        "filename": "docs/evidence/finalized-closure-blazing-37014155266.json",
        "hashed_secret": "eb13bd9571d6303161e3dfbeff824c3217cd5694",
        "is_verified": false,
        "line_number": 76
      },
      {
        "type": "Hex High Entropy String",
        "filename": "docs/evidence/finalized-closure-blazing-37014155266.json",
        "hashed_secret": "582f8481e22bc027abb13141ef9c03ef9e4a1af0",
        "is_verified": false,
        "line_number": 78
      },
      {
        "type": "Hex High Entropy String",
        "filename": "docs/evidence/finalized-closure-blazing-37014155266.json",
        "hashed_secret": "487ccf838a2cf5cff248d379ce2f612086e589dd",
        "is_verified": false,
        "line_number": 79
      },
      {
        "type": "Hex High Entropy String",
        "filename": "docs/evidence/finalized-closure-blazing-37014155266.json",
        "hashed_secret": "4c9072a48e39885fbf507d04fc93f8ef2d9727fc",
        "is_verified": false,
        "line_number": 80
      },
      {
        "type": "Hex High Entropy String",
        "filename": "docs/evidence/finalized-closure-blazing-37014155266.json",
        "hashed_secret": "17a05871dc3d58e4b0700422bcf367f4222c86c9",
        "is_verified": false,
        "line_number": 82
      },
      {
        "type": "Hex High Entropy String",
        "filename": "docs/evidence/finalized-closure-blazing-37014155266.json",
        "hashed_secret": "7cff599ff8ebea9d97c1cc557aeab63ca7917af7",
        "is_verified": false,
        "line_number": 97
      }
    ],
    "docs/evidence/grafana-jit-policy-live.json": [
      {
        "type": "Hex High Entropy String",
        "filename": "docs/evidence/grafana-jit-policy-live.json",
        "hashed_secret": "eb531e2485fa0b4d982d88878c942a356caabc17",
        "is_verified": false,
        "line_number": 8
      }
    ],
    "tests/test_credential_sdl_confidentiality.py": [
      {
        "type": "Secret Keyword",
        "filename": "tests/test_credential_sdl_confidentiality.py",
        "hashed_secret": "dff2bb5279f7200b9de7e664dbe94808c0e0b619",
        "is_verified": false,
        "line_number": 83
      }
    ],
    "tests/test_runner_image.py": [
      {
        "type": "Secret Keyword",
        "filename": "tests/test_runner_image.py",
        "hashed_secret": "008ebc30341ead1310c679d6eb162e551550c0f2",
        "is_verified": false,
        "line_number": 64
      },
      {
        "type": "Secret Keyword",
        "filename": "tests/test_runner_image.py",
        "hashed_secret": "eeeef8b2125db29eb4fcb415e7685a74f086643b",
        "is_verified": false,
        "line_number": 76
      },
      {
        "type": "Base64 High Entropy String",
        "filename": "tests/test_runner_image.py",
        "hashed_secret": "1045b0acbd37cea9a9dc7f76998c41a744856a57",
        "is_verified": false,
        "line_number": 164
      },
      {
        "type": "Base64 High Entropy String",
        "filename": "tests/test_runner_image.py",
        "hashed_secret": "35de2e86ee886c3d000f30e9f477f9b1732ccf91",
        "is_verified": false,
        "line_number": 166
      },
      {
        "type": "Base64 High Entropy String",
        "filename": "tests/test_runner_image.py",
        "hashed_secret": "89e1d0dcfc9ff49dc58a1a2c46cd1cd9c7459cb8",
        "is_verified": false,
        "line_number": 167
      },
      {
        "type": "Base64 High Entropy String",
        "filename": "tests/test_runner_image.py",
        "hashed_secret": "9bfa095632034bf2242bc83722eb682f22996dd6",
        "is_verified": false,
        "line_number": 168
      },
      {
        "type": "Base64 High Entropy String",
        "filename": "tests/test_runner_image.py",
        "hashed_secret": "af3c7941d743e5c6d5ca987cb02f310609112b14",
        "is_verified": false,
        "line_number": 169
      },
      {
        "type": "Base64 High Entropy String",
        "filename": "tests/test_runner_image.py",
        "hashed_secret": "8ac257768b66e86e2a990cc57fb60563bbac0af7",
        "is_verified": false,
        "line_number": 170
      },
      {
        "type": "Base64 High Entropy String",
        "filename": "tests/test_runner_image.py",
        "hashed_secret": "3596bea8e2bfec760932d715a71f013ef13ad3fc",
        "is_verified": false,
        "line_number": 195
      },
      {
        "type": "Secret Keyword",
        "filename": "tests/test_runner_image.py",
        "hashed_secret": "24b55fe81e9e7b11798d3a4e4677dd48ffc81559",
        "is_verified": false,
        "line_number": 210
      },
      {
        "type": "Base64 High Entropy String",
        "filename": "tests/test_runner_image.py",
        "hashed_secret": "5d7b36910ec47e490b68c0efb48fed2452795cfc",
        "is_verified": false,
        "line_number": 226
      },
      {
        "type": "Secret Keyword",
        "filename": "tests/test_runner_image.py",
        "hashed_secret": "58e42373952a0557a80d223daa4afa9546c39e58",
        "is_verified": false,
        "line_number": 238
      }
    ],
    "tests/test_runner_image_sops_workflow.py": [
      {
        "type": "Hex High Entropy String",
        "filename": "tests/test_runner_image_sops_workflow.py",
        "hashed_secret": "1573655bea8f3e5a818f30ca6ea2454d804b500d",
        "is_verified": false,
        "line_number": 51
      }
    ]
  },
  "version": "1.5.0"
}
